MPLINK 4.49, Linker
Linker Map File - Created Fri Sep 30 09:40:29 2022

                                 Section Info
                  Section       Type    Address   Location Size(Bytes)
                ---------  ---------  ---------  ---------  ---------
                   .org_0       code   0x000000    program   0x000000
                   .org_1       code   0x000010    program   0x00028c
      .config_300000_P4.O    romdata   0x300000    program   0x000001
      .config_300001_P4.O    romdata   0x300001    program   0x000001
      .config_300002_P4.O    romdata   0x300002    program   0x000001
      .config_300003_P4.O    romdata   0x300003    program   0x000001
      .config_300005_P4.O    romdata   0x300005    program   0x000001
      .config_300006_P4.O    romdata   0x300006    program   0x000001
      .config_300008_P4.O    romdata   0x300008    program   0x000001
      .config_300009_P4.O    romdata   0x300009    program   0x000001
      .config_30000A_P4.O    romdata   0x30000a    program   0x000001
      .config_30000B_P4.O    romdata   0x30000b    program   0x000001
      .config_30000C_P4.O    romdata   0x30000c    program   0x000001
      .config_30000D_P4.O    romdata   0x30000d    program   0x000001



                              Program Memory Usage 
                               Start         End      
                           ---------   ---------      
                            0x000010    0x00029b      
                            0x300000    0x300003      
                            0x300005    0x300006      
                            0x300008    0x30000d      
            664 out of 33048 program addresses used, program memory utilization is 2%



                              Symbols - Sorted by Name
                     Name    Address   Location    Storage File                     
                ---------  ---------  ---------  --------- ---------                
                    CINCO   0x000104    program     static C:\Users\Sebastian\Desktop\Microcontroladores\P4\P4.asm
                    CONV7   0x0001fa    program     static C:\Users\Sebastian\Desktop\Microcontroladores\P4\P4.asm
                     CTA1   0x000072    program     static C:\Users\Sebastian\Desktop\Microcontroladores\P4\P4.asm
                     CTA2   0x00008c    program     static C:\Users\Sebastian\Desktop\Microcontroladores\P4\P4.asm
                     CTA3   0x0000a6    program     static C:\Users\Sebastian\Desktop\Microcontroladores\P4\P4.asm
                     CTA4   0x0000c6    program     static C:\Users\Sebastian\Desktop\Microcontroladores\P4\P4.asm
                     CTA6   0x000186    program     static C:\Users\Sebastian\Desktop\Microcontroladores\P4\P4.asm
                     CTA7   0x00014a    program     static C:\Users\Sebastian\Desktop\Microcontroladores\P4\P4.asm
                     CTA8   0x0001c2    program     static C:\Users\Sebastian\Desktop\Microcontroladores\P4\P4.asm
                   CUATRO   0x0000f8    program     static C:\Users\Sebastian\Desktop\Microcontroladores\P4\P4.asm
                    DELAY   0x000224    program     static C:\Users\Sebastian\Desktop\Microcontroladores\P4\P4.asm
                   DELAY2   0x000246    program     static C:\Users\Sebastian\Desktop\Microcontroladores\P4\P4.asm
                   DELAY4   0x00028e    program     static C:\Users\Sebastian\Desktop\Microcontroladores\P4\P4.asm
                     DIEZ   0x000140    program     static C:\Users\Sebastian\Desktop\Microcontroladores\P4\P4.asm
                      DOS   0x0000e0    program     static C:\Users\Sebastian\Desktop\Microcontroladores\P4\P4.asm
                   INICIO   0x000022    program     static C:\Users\Sebastian\Desktop\Microcontroladores\P4\P4.asm
                    LAZO1   0x000230    program     static C:\Users\Sebastian\Desktop\Microcontroladores\P4\P4.asm
                   LAZO12   0x000252    program     static C:\Users\Sebastian\Desktop\Microcontroladores\P4\P4.asm
                    LAZO2   0x00022c    program     static C:\Users\Sebastian\Desktop\Microcontroladores\P4\P4.asm
                   LAZO22   0x00024e    program     static C:\Users\Sebastian\Desktop\Microcontroladores\P4\P4.asm
                    LAZO3   0x000228    program     static C:\Users\Sebastian\Desktop\Microcontroladores\P4\P4.asm
                   LAZO32   0x00024a    program     static C:\Users\Sebastian\Desktop\Microcontroladores\P4\P4.asm
                   LAZO43   0x000292    program     static C:\Users\Sebastian\Desktop\Microcontroladores\P4\P4.asm
                      MUX   0x000252    program     static C:\Users\Sebastian\Desktop\Microcontroladores\P4\P4.asm
                    NUEVE   0x000134    program     static C:\Users\Sebastian\Desktop\Microcontroladores\P4\P4.asm
                     OCHO   0x000128    program     static C:\Users\Sebastian\Desktop\Microcontroladores\P4\P4.asm
                  OPCION1   0x000028    program     static C:\Users\Sebastian\Desktop\Microcontroladores\P4\P4.asm
                  OPCION2   0x000032    program     static C:\Users\Sebastian\Desktop\Microcontroladores\P4\P4.asm
                  OPCION3   0x00003c    program     static C:\Users\Sebastian\Desktop\Microcontroladores\P4\P4.asm
                  OPCION4   0x000046    program     static C:\Users\Sebastian\Desktop\Microcontroladores\P4\P4.asm
                  OPCION6   0x000064    program     static C:\Users\Sebastian\Desktop\Microcontroladores\P4\P4.asm
                  OPCION7   0x00005a    program     static C:\Users\Sebastian\Desktop\Microcontroladores\P4\P4.asm
                  OPCION8   0x000050    program     static C:\Users\Sebastian\Desktop\Microcontroladores\P4\P4.asm
                     OTRO   0x0000aa    program     static C:\Users\Sebastian\Desktop\Microcontroladores\P4\P4.asm
                  REPETIR   0x000076    program     static C:\Users\Sebastian\Desktop\Microcontroladores\P4\P4.asm
                 REPETIR2   0x000090    program     static C:\Users\Sebastian\Desktop\Microcontroladores\P4\P4.asm
                 REPETIR4   0x0000ce    program     static C:\Users\Sebastian\Desktop\Microcontroladores\P4\P4.asm
                 REPETIR6   0x000188    program     static C:\Users\Sebastian\Desktop\Microcontroladores\P4\P4.asm
                 REPETIR7   0x00014c    program     static C:\Users\Sebastian\Desktop\Microcontroladores\P4\P4.asm
                 REPETIR8   0x0001c4    program     static C:\Users\Sebastian\Desktop\Microcontroladores\P4\P4.asm
                     SEIS   0x000110    program     static C:\Users\Sebastian\Desktop\Microcontroladores\P4\P4.asm
                    SIETE   0x00011c    program     static C:\Users\Sebastian\Desktop\Microcontroladores\P4\P4.asm
                     TRES   0x0000ec    program     static C:\Users\Sebastian\Desktop\Microcontroladores\P4\P4.asm



                              Symbols - Sorted by Address
                     Name    Address   Location    Storage File                     
                ---------  ---------  ---------  --------- ---------                
                   INICIO   0x000022    program     static C:\Users\Sebastian\Desktop\Microcontroladores\P4\P4.asm
                  OPCION1   0x000028    program     static C:\Users\Sebastian\Desktop\Microcontroladores\P4\P4.asm
                  OPCION2   0x000032    program     static C:\Users\Sebastian\Desktop\Microcontroladores\P4\P4.asm
                  OPCION3   0x00003c    program     static C:\Users\Sebastian\Desktop\Microcontroladores\P4\P4.asm
                  OPCION4   0x000046    program     static C:\Users\Sebastian\Desktop\Microcontroladores\P4\P4.asm
                  OPCION8   0x000050    program     static C:\Users\Sebastian\Desktop\Microcontroladores\P4\P4.asm
                  OPCION7   0x00005a    program     static C:\Users\Sebastian\Desktop\Microcontroladores\P4\P4.asm
                  OPCION6   0x000064    program     static C:\Users\Sebastian\Desktop\Microcontroladores\P4\P4.asm
                     CTA1   0x000072    program     static C:\Users\Sebastian\Desktop\Microcontroladores\P4\P4.asm
                  REPETIR   0x000076    program     static C:\Users\Sebastian\Desktop\Microcontroladores\P4\P4.asm
                     CTA2   0x00008c    program     static C:\Users\Sebastian\Desktop\Microcontroladores\P4\P4.asm
                 REPETIR2   0x000090    program     static C:\Users\Sebastian\Desktop\Microcontroladores\P4\P4.asm
                     CTA3   0x0000a6    program     static C:\Users\Sebastian\Desktop\Microcontroladores\P4\P4.asm
                     OTRO   0x0000aa    program     static C:\Users\Sebastian\Desktop\Microcontroladores\P4\P4.asm
                     CTA4   0x0000c6    program     static C:\Users\Sebastian\Desktop\Microcontroladores\P4\P4.asm
                 REPETIR4   0x0000ce    program     static C:\Users\Sebastian\Desktop\Microcontroladores\P4\P4.asm
                      DOS   0x0000e0    program     static C:\Users\Sebastian\Desktop\Microcontroladores\P4\P4.asm
                     TRES   0x0000ec    program     static C:\Users\Sebastian\Desktop\Microcontroladores\P4\P4.asm
                   CUATRO   0x0000f8    program     static C:\Users\Sebastian\Desktop\Microcontroladores\P4\P4.asm
                    CINCO   0x000104    program     static C:\Users\Sebastian\Desktop\Microcontroladores\P4\P4.asm
                     SEIS   0x000110    program     static C:\Users\Sebastian\Desktop\Microcontroladores\P4\P4.asm
                    SIETE   0x00011c    program     static C:\Users\Sebastian\Desktop\Microcontroladores\P4\P4.asm
                     OCHO   0x000128    program     static C:\Users\Sebastian\Desktop\Microcontroladores\P4\P4.asm
                    NUEVE   0x000134    program     static C:\Users\Sebastian\Desktop\Microcontroladores\P4\P4.asm
                     DIEZ   0x000140    program     static C:\Users\Sebastian\Desktop\Microcontroladores\P4\P4.asm
                     CTA7   0x00014a    program     static C:\Users\Sebastian\Desktop\Microcontroladores\P4\P4.asm
                 REPETIR7   0x00014c    program     static C:\Users\Sebastian\Desktop\Microcontroladores\P4\P4.asm
                     CTA6   0x000186    program     static C:\Users\Sebastian\Desktop\Microcontroladores\P4\P4.asm
                 REPETIR6   0x000188    program     static C:\Users\Sebastian\Desktop\Microcontroladores\P4\P4.asm
                     CTA8   0x0001c2    program     static C:\Users\Sebastian\Desktop\Microcontroladores\P4\P4.asm
                 REPETIR8   0x0001c4    program     static C:\Users\Sebastian\Desktop\Microcontroladores\P4\P4.asm
                    CONV7   0x0001fa    program     static C:\Users\Sebastian\Desktop\Microcontroladores\P4\P4.asm
                    DELAY   0x000224    program     static C:\Users\Sebastian\Desktop\Microcontroladores\P4\P4.asm
                    LAZO3   0x000228    program     static C:\Users\Sebastian\Desktop\Microcontroladores\P4\P4.asm
                    LAZO2   0x00022c    program     static C:\Users\Sebastian\Desktop\Microcontroladores\P4\P4.asm
                    LAZO1   0x000230    program     static C:\Users\Sebastian\Desktop\Microcontroladores\P4\P4.asm
                   DELAY2   0x000246    program     static C:\Users\Sebastian\Desktop\Microcontroladores\P4\P4.asm
                   LAZO32   0x00024a    program     static C:\Users\Sebastian\Desktop\Microcontroladores\P4\P4.asm
                   LAZO22   0x00024e    program     static C:\Users\Sebastian\Desktop\Microcontroladores\P4\P4.asm
                   LAZO12   0x000252    program     static C:\Users\Sebastian\Desktop\Microcontroladores\P4\P4.asm
                      MUX   0x000252    program     static C:\Users\Sebastian\Desktop\Microcontroladores\P4\P4.asm
                   DELAY4   0x00028e    program     static C:\Users\Sebastian\Desktop\Microcontroladores\P4\P4.asm
                   LAZO43   0x000292    program     static C:\Users\Sebastian\Desktop\Microcontroladores\P4\P4.asm


